// Jest Snapshot v1, https://goo.gl/fbAQLP

exports[`CurrencySlider component renders correctly with the default props 1`] = `
Object {
  "asFragment": [Function],
  "baseElement": <body>
    <div>
      <section
        class="exchange"
      >
        <div
          class="slick-slider slick-initialized"
          dir="ltr"
        >
          <div
            class="slick-list"
          >
            <div
              class="slick-track"
              style="opacity: 1; transform: translate3d(0px, 0px, 0px);"
            >
              <div
                aria-hidden="true"
                class="slick-slide slick-cloned"
                data-index="-1"
                style="width: 0px;"
                tabindex="-1"
              >
                <div>
                  <div
                    class="slider-item"
                    style="width: 100%; display: inline-block;"
                    tabindex="-1"
                  >
                    <div
                      class="exchange-wrapper"
                    >
                      <div
                        class="exchange-content"
                      >
                        <h3
                          class="exchange-currency"
                        >
                          GBP
                        </h3>
                        <p
                          class="exchange-inwallet"
                        >
                          You have £21.1
                        </p>
                      </div>
                    </div>
                  </div>
                </div>
              </div>
              <div
                aria-hidden="false"
                class="slick-slide slick-active slick-current"
                data-index="0"
                style="outline: none; width: 0px;"
                tabindex="-1"
              >
                <div>
                  <div
                    class="slider-item"
                    style="width: 100%; display: inline-block;"
                    tabindex="-1"
                  >
                    <div
                      class="exchange-wrapper"
                    >
                      <div
                        class="exchange-content"
                      >
                        <h3
                          class="exchange-currency"
                        >
                          USD
                        </h3>
                        <p
                          class="exchange-inwallet"
                        >
                          You have $45.43
                        </p>
                      </div>
                    </div>
                  </div>
                </div>
              </div>
              <div
                aria-hidden="true"
                class="slick-slide"
                data-index="1"
                style="outline: none; width: 0px;"
                tabindex="-1"
              >
                <div>
                  <div
                    class="slider-item"
                    style="width: 100%; display: inline-block;"
                    tabindex="-1"
                  >
                    <div
                      class="exchange-wrapper"
                    >
                      <div
                        class="exchange-content"
                      >
                        <h3
                          class="exchange-currency"
                        >
                          EUR
                        </h3>
                        <p
                          class="exchange-inwallet"
                        >
                          You have €132.44
                        </p>
                      </div>
                    </div>
                  </div>
                </div>
              </div>
              <div
                aria-hidden="true"
                class="slick-slide"
                data-index="2"
                style="outline: none; width: 0px;"
                tabindex="-1"
              >
                <div>
                  <div
                    class="slider-item"
                    style="width: 100%; display: inline-block;"
                    tabindex="-1"
                  >
                    <div
                      class="exchange-wrapper"
                    >
                      <div
                        class="exchange-content"
                      >
                        <h3
                          class="exchange-currency"
                        >
                          RUB
                        </h3>
                        <p
                          class="exchange-inwallet"
                        >
                          You have ₽10007.43
                        </p>
                      </div>
                    </div>
                  </div>
                </div>
              </div>
              <div
                aria-hidden="true"
                class="slick-slide"
                data-index="3"
                style="outline: none; width: 0px;"
                tabindex="-1"
              >
                <div>
                  <div
                    class="slider-item"
                    style="width: 100%; display: inline-block;"
                    tabindex="-1"
                  >
                    <div
                      class="exchange-wrapper"
                    >
                      <div
                        class="exchange-content"
                      >
                        <h3
                          class="exchange-currency"
                        >
                          GBP
                        </h3>
                        <p
                          class="exchange-inwallet"
                        >
                          You have £21.1
                        </p>
                      </div>
                    </div>
                  </div>
                </div>
              </div>
              <div
                aria-hidden="true"
                class="slick-slide slick-cloned"
                data-index="4"
                style="width: 0px;"
                tabindex="-1"
              >
                <div>
                  <div
                    class="slider-item"
                    style="width: 100%; display: inline-block;"
                    tabindex="-1"
                  >
                    <div
                      class="exchange-wrapper"
                    >
                      <div
                        class="exchange-content"
                      >
                        <h3
                          class="exchange-currency"
                        >
                          USD
                        </h3>
                        <p
                          class="exchange-inwallet"
                        >
                          You have $45.43
                        </p>
                      </div>
                    </div>
                  </div>
                </div>
              </div>
              <div
                aria-hidden="true"
                class="slick-slide slick-cloned"
                data-index="5"
                style="width: 0px;"
                tabindex="-1"
              >
                <div>
                  <div
                    class="slider-item"
                    style="width: 100%; display: inline-block;"
                    tabindex="-1"
                  >
                    <div
                      class="exchange-wrapper"
                    >
                      <div
                        class="exchange-content"
                      >
                        <h3
                          class="exchange-currency"
                        >
                          EUR
                        </h3>
                        <p
                          class="exchange-inwallet"
                        >
                          You have €132.44
                        </p>
                      </div>
                    </div>
                  </div>
                </div>
              </div>
              <div
                aria-hidden="true"
                class="slick-slide slick-cloned"
                data-index="6"
                style="width: 0px;"
                tabindex="-1"
              >
                <div>
                  <div
                    class="slider-item"
                    style="width: 100%; display: inline-block;"
                    tabindex="-1"
                  >
                    <div
                      class="exchange-wrapper"
                    >
                      <div
                        class="exchange-content"
                      >
                        <h3
                          class="exchange-currency"
                        >
                          RUB
                        </h3>
                        <p
                          class="exchange-inwallet"
                        >
                          You have ₽10007.43
                        </p>
                      </div>
                    </div>
                  </div>
                </div>
              </div>
              <div
                aria-hidden="true"
                class="slick-slide slick-cloned"
                data-index="7"
                style="width: 0px;"
                tabindex="-1"
              >
                <div>
                  <div
                    class="slider-item"
                    style="width: 100%; display: inline-block;"
                    tabindex="-1"
                  >
                    <div
                      class="exchange-wrapper"
                    >
                      <div
                        class="exchange-content"
                      >
                        <h3
                          class="exchange-currency"
                        >
                          GBP
                        </h3>
                        <p
                          class="exchange-inwallet"
                        >
                          You have £21.1
                        </p>
                      </div>
                    </div>
                  </div>
                </div>
              </div>
            </div>
          </div>
          <ul
            class="slick-dots"
            style="display: block;"
          >
            <li
              class="slick-active"
            >
              <button>
                1
              </button>
            </li>
            <li
              class=""
            >
              <button>
                2
              </button>
            </li>
            <li
              class=""
            >
              <button>
                3
              </button>
            </li>
            <li
              class=""
            >
              <button>
                4
              </button>
            </li>
          </ul>
        </div>
      </section>
    </div>
  </body>,
  "container": <div>
    <section
      class="exchange"
    >
      <div
        class="slick-slider slick-initialized"
        dir="ltr"
      >
        <div
          class="slick-list"
        >
          <div
            class="slick-track"
            style="opacity: 1; transform: translate3d(0px, 0px, 0px);"
          >
            <div
              aria-hidden="true"
              class="slick-slide slick-cloned"
              data-index="-1"
              style="width: 0px;"
              tabindex="-1"
            >
              <div>
                <div
                  class="slider-item"
                  style="width: 100%; display: inline-block;"
                  tabindex="-1"
                >
                  <div
                    class="exchange-wrapper"
                  >
                    <div
                      class="exchange-content"
                    >
                      <h3
                        class="exchange-currency"
                      >
                        GBP
                      </h3>
                      <p
                        class="exchange-inwallet"
                      >
                        You have £21.1
                      </p>
                    </div>
                  </div>
                </div>
              </div>
            </div>
            <div
              aria-hidden="false"
              class="slick-slide slick-active slick-current"
              data-index="0"
              style="outline: none; width: 0px;"
              tabindex="-1"
            >
              <div>
                <div
                  class="slider-item"
                  style="width: 100%; display: inline-block;"
                  tabindex="-1"
                >
                  <div
                    class="exchange-wrapper"
                  >
                    <div
                      class="exchange-content"
                    >
                      <h3
                        class="exchange-currency"
                      >
                        USD
                      </h3>
                      <p
                        class="exchange-inwallet"
                      >
                        You have $45.43
                      </p>
                    </div>
                  </div>
                </div>
              </div>
            </div>
            <div
              aria-hidden="true"
              class="slick-slide"
              data-index="1"
              style="outline: none; width: 0px;"
              tabindex="-1"
            >
              <div>
                <div
                  class="slider-item"
                  style="width: 100%; display: inline-block;"
                  tabindex="-1"
                >
                  <div
                    class="exchange-wrapper"
                  >
                    <div
                      class="exchange-content"
                    >
                      <h3
                        class="exchange-currency"
                      >
                        EUR
                      </h3>
                      <p
                        class="exchange-inwallet"
                      >
                        You have €132.44
                      </p>
                    </div>
                  </div>
                </div>
              </div>
            </div>
            <div
              aria-hidden="true"
              class="slick-slide"
              data-index="2"
              style="outline: none; width: 0px;"
              tabindex="-1"
            >
              <div>
                <div
                  class="slider-item"
                  style="width: 100%; display: inline-block;"
                  tabindex="-1"
                >
                  <div
                    class="exchange-wrapper"
                  >
                    <div
                      class="exchange-content"
                    >
                      <h3
                        class="exchange-currency"
                      >
                        RUB
                      </h3>
                      <p
                        class="exchange-inwallet"
                      >
                        You have ₽10007.43
                      </p>
                    </div>
                  </div>
                </div>
              </div>
            </div>
            <div
              aria-hidden="true"
              class="slick-slide"
              data-index="3"
              style="outline: none; width: 0px;"
              tabindex="-1"
            >
              <div>
                <div
                  class="slider-item"
                  style="width: 100%; display: inline-block;"
                  tabindex="-1"
                >
                  <div
                    class="exchange-wrapper"
                  >
                    <div
                      class="exchange-content"
                    >
                      <h3
                        class="exchange-currency"
                      >
                        GBP
                      </h3>
                      <p
                        class="exchange-inwallet"
                      >
                        You have £21.1
                      </p>
                    </div>
                  </div>
                </div>
              </div>
            </div>
            <div
              aria-hidden="true"
              class="slick-slide slick-cloned"
              data-index="4"
              style="width: 0px;"
              tabindex="-1"
            >
              <div>
                <div
                  class="slider-item"
                  style="width: 100%; display: inline-block;"
                  tabindex="-1"
                >
                  <div
                    class="exchange-wrapper"
                  >
                    <div
                      class="exchange-content"
                    >
                      <h3
                        class="exchange-currency"
                      >
                        USD
                      </h3>
                      <p
                        class="exchange-inwallet"
                      >
                        You have $45.43
                      </p>
                    </div>
                  </div>
                </div>
              </div>
            </div>
            <div
              aria-hidden="true"
              class="slick-slide slick-cloned"
              data-index="5"
              style="width: 0px;"
              tabindex="-1"
            >
              <div>
                <div
                  class="slider-item"
                  style="width: 100%; display: inline-block;"
                  tabindex="-1"
                >
                  <div
                    class="exchange-wrapper"
                  >
                    <div
                      class="exchange-content"
                    >
                      <h3
                        class="exchange-currency"
                      >
                        EUR
                      </h3>
                      <p
                        class="exchange-inwallet"
                      >
                        You have €132.44
                      </p>
                    </div>
                  </div>
                </div>
              </div>
            </div>
            <div
              aria-hidden="true"
              class="slick-slide slick-cloned"
              data-index="6"
              style="width: 0px;"
              tabindex="-1"
            >
              <div>
                <div
                  class="slider-item"
                  style="width: 100%; display: inline-block;"
                  tabindex="-1"
                >
                  <div
                    class="exchange-wrapper"
                  >
                    <div
                      class="exchange-content"
                    >
                      <h3
                        class="exchange-currency"
                      >
                        RUB
                      </h3>
                      <p
                        class="exchange-inwallet"
                      >
                        You have ₽10007.43
                      </p>
                    </div>
                  </div>
                </div>
              </div>
            </div>
            <div
              aria-hidden="true"
              class="slick-slide slick-cloned"
              data-index="7"
              style="width: 0px;"
              tabindex="-1"
            >
              <div>
                <div
                  class="slider-item"
                  style="width: 100%; display: inline-block;"
                  tabindex="-1"
                >
                  <div
                    class="exchange-wrapper"
                  >
                    <div
                      class="exchange-content"
                    >
                      <h3
                        class="exchange-currency"
                      >
                        GBP
                      </h3>
                      <p
                        class="exchange-inwallet"
                      >
                        You have £21.1
                      </p>
                    </div>
                  </div>
                </div>
              </div>
            </div>
          </div>
        </div>
        <ul
          class="slick-dots"
          style="display: block;"
        >
          <li
            class="slick-active"
          >
            <button>
              1
            </button>
          </li>
          <li
            class=""
          >
            <button>
              2
            </button>
          </li>
          <li
            class=""
          >
            <button>
              3
            </button>
          </li>
          <li
            class=""
          >
            <button>
              4
            </button>
          </li>
        </ul>
      </div>
    </section>
  </div>,
  "debug": [Function],
  "findAllByAltText": [Function],
  "findAllByDisplayValue": [Function],
  "findAllByLabelText": [Function],
  "findAllByPlaceholderText": [Function],
  "findAllByRole": [Function],
  "findAllByTestId": [Function],
  "findAllByText": [Function],
  "findAllByTitle": [Function],
  "findByAltText": [Function],
  "findByDisplayValue": [Function],
  "findByLabelText": [Function],
  "findByPlaceholderText": [Function],
  "findByRole": [Function],
  "findByTestId": [Function],
  "findByText": [Function],
  "findByTitle": [Function],
  "getAllByAltText": [Function],
  "getAllByDisplayValue": [Function],
  "getAllByLabelText": [Function],
  "getAllByPlaceholderText": [Function],
  "getAllByRole": [Function],
  "getAllByTestId": [Function],
  "getAllByText": [Function],
  "getAllByTitle": [Function],
  "getByAltText": [Function],
  "getByDisplayValue": [Function],
  "getByLabelText": [Function],
  "getByPlaceholderText": [Function],
  "getByRole": [Function],
  "getByTestId": [Function],
  "getByText": [Function],
  "getByTitle": [Function],
  "queryAllByAltText": [Function],
  "queryAllByDisplayValue": [Function],
  "queryAllByLabelText": [Function],
  "queryAllByPlaceholderText": [Function],
  "queryAllByRole": [Function],
  "queryAllByTestId": [Function],
  "queryAllByText": [Function],
  "queryAllByTitle": [Function],
  "queryByAltText": [Function],
  "queryByDisplayValue": [Function],
  "queryByLabelText": [Function],
  "queryByPlaceholderText": [Function],
  "queryByRole": [Function],
  "queryByTestId": [Function],
  "queryByText": [Function],
  "queryByTitle": [Function],
  "rerender": [Function],
  "unmount": [Function],
}
`;
